Img02Prelim_Iter001_ExpMSCntsBkgPrefactorScatter_1_2_small.png
Img02Prelim_Iter001_Hyp0Hyp1Scatter_1_2_small.png
Img02Prelim_Iter001_Hyp2Hyp3Scatter_1_2_small.png
Img02Prelim_Iter001_LogProbTimeTrace_small.png
Img02Prelim_Iter002_ExpMSCntsBkgPrefactorScatter_1_2_small.png
Img02Prelim_Iter002_Hyp0Hyp1Scatter_1_2_small.png
Img02Prelim_Iter002_Hyp2Hyp3Scatter_1_2_small.png
Img02Prelim_Iter002_LogProbTimeTrace_small.png
Img02Prelim_Iter003_ExpMSCntsBkgPrefactorScatter_1_2_small.png
Img02Prelim_Iter003_Hyp0Hyp1Scatter_1_2_small.png
Img02Prelim_Iter003_Hyp2Hyp3Scatter_1_2_small.png
Img02Prelim_Iter003_LogProbTimeTrace_small.png
Img02Prelim_Iter004_ExpMSCntsBkgPrefactorScatter_1_2_small.png
Img02Prelim_Iter004_Hyp0Hyp1Scatter_1_2_small.png
Img02Prelim_Iter004_Hyp2Hyp3Scatter_1_2_small.png
Img02Prelim_Iter004_LogProbTimeTrace_small.png
Img02Prelim_Iter005_ExpMSCntsBkgPrefactorScatter_1_2_small.png
Img02Prelim_Iter005_Hyp0Hyp1Scatter_1_2_small.png
Img02Prelim_Iter005_Hyp2Hyp3Scatter_1_2_small.png
Img02Prelim_Iter005_LogProbTimeTrace_small.png
Img02Prelim_Iter006_ExpMSCntsBkgPrefactorScatter_1_2_small.png
Img02Prelim_Iter006_Hyp0Hyp1Scatter_1_2_small.png
Img02Prelim_Iter006_Hyp2Hyp3Scatter_1_2_small.png
Img02Prelim_Iter006_LogProbTimeTrace_small.png
Img02Prelim_Iter007_ExpMSCntsBkgPrefactorScatter_1_2_small.png
Img02Prelim_Iter007_Hyp0Hyp1Scatter_1_2_small.png
Img02Prelim_Iter007_Hyp2Hyp3Scatter_1_2_small.png
Img02Prelim_Iter007_LogProbTimeTrace_small.png
Img02Prelim_Iter008_ExpMSCntsBkgPrefactorScatter_1_2_small.png
Img02Prelim_Iter008_Hyp0Hyp1Scatter_1_2_small.png
Img02Prelim_Iter008_Hyp2Hyp3Scatter_1_2_small.png
Img02Prelim_Iter008_LogProbTimeTrace_small.png
Img02Prelim_Iter009_ExpMSCntsBkgPrefactorScatter_1_2_small.png
Img02Prelim_Iter009_Hyp0Hyp1Scatter_1_2_small.png
Img02Prelim_Iter009_Hyp2Hyp3Scatter_1_2_small.png
Img02Prelim_Iter009_LogProbTimeTrace_small.png
Img02Prelim_Iter010_ExpMSCntsBkgPrefactorScatter_1_2_small.png
Img02Prelim_Iter010_Hyp0Hyp1Scatter_1_2_small.png
Img02Prelim_Iter010_Hyp2Hyp3Scatter_1_2_small.png
Img02Prelim_Iter010_LogProbTimeTrace_small.png
Img02Prelim_Iter020_ExpMSCntsBkgPrefactorScatter_1_2_small.png
Img02Prelim_Iter020_Hyp0Hyp1Scatter_1_2_small.png
Img02Prelim_Iter020_Hyp2Hyp3Scatter_1_2_small.png
Img02Prelim_Iter020_LogProbTimeTrace_small.png
Img02Prelim_Iter025_ExpMSCntsBkgPrefactorScatter_1_2_small.png
Img02Prelim_Iter025_Hyp0Hyp1Scatter_1_2_small.png
Img02Prelim_Iter025_Hyp2Hyp3Scatter_1_2_small.png
Img02Prelim_Iter025_LogProbTimeTrace_small.png
Img02Prelim_Iter030_ExpMSCntsBkgPrefactorScatter_1_2_small.png
Img02Prelim_Iter030_Hyp0Hyp1Scatter_1_2_small.png
Img02Prelim_Iter030_Hyp2Hyp3Scatter_1_2_small.png
Img02Prelim_Iter030_LogProbTimeTrace_small.png
Img02Prelim_Iter040_ExpMSCntsBkgPrefactorScatter_1_2_small.png
Img02Prelim_Iter040_Hyp0Hyp1Scatter_1_2_small.png
Img02Prelim_Iter040_Hyp2Hyp3Scatter_1_2_small.png
Img02Prelim_Iter040_LogProbTimeTrace_small.png
Img02Prelim_Iter050_ExpMSCntsBkgPrefactorScatter_1_2_small.png
Img02Prelim_Iter050_Hyp0Hyp1Scatter_1_2_small.png
Img02Prelim_Iter050_Hyp2Hyp3Scatter_1_2_small.png
Img02Prelim_Iter050_LogProbTimeTrace_small.png
Img02Prelim_Iter060_ExpMSCntsBkgPrefactorScatter_1_2_small.png
Img02Prelim_Iter060_Hyp0Hyp1Scatter_1_2_small.png
Img02Prelim_Iter060_Hyp2Hyp3Scatter_1_2_small.png
Img02Prelim_Iter060_LogProbTimeTrace_small.png
Img02Prelim_Iter070_ExpMSCntsBkgPrefactorScatter_1_2_small.png
Img02Prelim_Iter070_Hyp0Hyp1Scatter_1_2_small.png
Img02Prelim_Iter070_Hyp2Hyp3Scatter_1_2_small.png
Img02Prelim_Iter070_LogProbTimeTrace_small.png
Img02Prelim_Iter080_ExpMSCntsBkgPrefactorScatter_1_2_small.png
Img02Prelim_Iter080_Hyp0Hyp1Scatter_1_2_small.png
Img02Prelim_Iter080_Hyp2Hyp3Scatter_1_2_small.png
Img02Prelim_Iter080_LogProbTimeTrace_small.png
Img02Prelim_Iter090_ExpMSCntsBkgPrefactorScatter_1_2_small.png
Img02Prelim_Iter090_Hyp0Hyp1Scatter_1_2_small.png
Img02Prelim_Iter090_Hyp2Hyp3Scatter_1_2_small.png
Img02Prelim_Iter090_LogProbTimeTrace_small.png
Img02Prelim_Iter100_ExpMSCntsBkgPrefactorScatter_1_2_small.png
Img02Prelim_Iter100_Hyp0Hyp1Scatter_1_2_small.png
Img02Prelim_Iter100_Hyp2Hyp3Scatter_1_2_small.png
Img02Prelim_Iter100_LogProbTimeTrace_small.png
Img02Prelim_Iter125_ExpMSCntsBkgPrefactorScatter_1_2_small.png
Img02Prelim_Iter125_Hyp0Hyp1Scatter_1_2_small.png
Img02Prelim_Iter125_Hyp2Hyp3Scatter_1_2_small.png
Img02Prelim_Iter125_LogProbTimeTrace_small.png
Img02_Iter001_small.png
Img02_Iter005_small.png
Img02_Iter010_small.png
Img02_Iter025_small.png
Img02_Iter100_small.png
Img02_Iter125_small.png
Img04Prelim_Iter001_ExpMSCntsBkgPrefactorScatter_1_2.png
Img04Prelim_Iter001_ExpMSCntsBkgPrefactorScatter_1_2_small.png
Img04Prelim_Iter001_Hyp0Hyp1Scatter_1_2.png
Img04Prelim_Iter001_Hyp0Hyp1Scatter_1_2_small.png
Img04Prelim_Iter001_Hyp2Hyp3Scatter_1_2.png
Img04Prelim_Iter001_Hyp2Hyp3Scatter_1_2_small.png
Img04Prelim_Iter001_Hyp3Hyp4Scatter_1_2.png
Img04Prelim_Iter001_Hyp3Hyp4Scatter_1_2_small.png
Img04Prelim_Iter001_Hyp4Hyp5Scatter_1_2_small.png
Img04Prelim_Iter001_Hyp5Hyp6Scatter_1_2_small.png
Img04Prelim_Iter001_LogProbTimeTrace.png
Img04Prelim_Iter001_LogProbTimeTrace_small.png
Img04Prelim_Iter002_ExpMSCntsBkgPrefactorScatter_1_2.png
Img04Prelim_Iter002_ExpMSCntsBkgPrefactorScatter_1_2_small.png
Img04Prelim_Iter002_Hyp0Hyp1Scatter_1_2.png
Img04Prelim_Iter002_Hyp0Hyp1Scatter_1_2_small.png
Img04Prelim_Iter002_Hyp2Hyp3Scatter_1_2.png
Img04Prelim_Iter002_Hyp2Hyp3Scatter_1_2_small.png
Img04Prelim_Iter002_Hyp3Hyp4Scatter_1_2.png
Img04Prelim_Iter002_Hyp3Hyp4Scatter_1_2_small.png
Img04Prelim_Iter002_Hyp4Hyp5Scatter_1_2_small.png
Img04Prelim_Iter002_Hyp5Hyp6Scatter_1_2_small.png
Img04Prelim_Iter002_LogProbTimeTrace.png
Img04Prelim_Iter002_LogProbTimeTrace_small.png
Img04Prelim_Iter003_ExpMSCntsBkgPrefactorScatter_1_2.png
Img04Prelim_Iter003_ExpMSCntsBkgPrefactorScatter_1_2_small.png
Img04Prelim_Iter003_Hyp0Hyp1Scatter_1_2.png
Img04Prelim_Iter003_Hyp0Hyp1Scatter_1_2_small.png
Img04Prelim_Iter003_Hyp2Hyp3Scatter_1_2.png
Img04Prelim_Iter003_Hyp2Hyp3Scatter_1_2_small.png
Img04Prelim_Iter003_Hyp3Hyp4Scatter_1_2.png
Img04Prelim_Iter003_Hyp3Hyp4Scatter_1_2_small.png
Img04Prelim_Iter003_Hyp4Hyp5Scatter_1_2_small.png
Img04Prelim_Iter003_Hyp5Hyp6Scatter_1_2_small.png
Img04Prelim_Iter003_LogProbTimeTrace.png
Img04Prelim_Iter003_LogProbTimeTrace_small.png
Img04Prelim_Iter004_ExpMSCntsBkgPrefactorScatter_1_2.png
Img04Prelim_Iter004_ExpMSCntsBkgPrefactorScatter_1_2_small.png
Img04Prelim_Iter004_Hyp0Hyp1Scatter_1_2.png
Img04Prelim_Iter004_Hyp0Hyp1Scatter_1_2_small.png
Img04Prelim_Iter004_Hyp2Hyp3Scatter_1_2.png
Img04Prelim_Iter004_Hyp2Hyp3Scatter_1_2_small.png
Img04Prelim_Iter004_Hyp3Hyp4Scatter_1_2.png
Img04Prelim_Iter004_Hyp3Hyp4Scatter_1_2_small.png
Img04Prelim_Iter004_Hyp4Hyp5Scatter_1_2_small.png
Img04Prelim_Iter004_Hyp5Hyp6Scatter_1_2_small.png
Img04Prelim_Iter004_LogProbTimeTrace.png
Img04Prelim_Iter004_LogProbTimeTrace_small.png
Img04Prelim_Iter005_ExpMSCntsBkgPrefactorScatter_1_2.png
Img04Prelim_Iter005_ExpMSCntsBkgPrefactorScatter_1_2_small.png
Img04Prelim_Iter005_Hyp0Hyp1Scatter_1_2.png
Img04Prelim_Iter005_Hyp0Hyp1Scatter_1_2_small.png
Img04Prelim_Iter005_Hyp2Hyp3Scatter_1_2.png
Img04Prelim_Iter005_Hyp2Hyp3Scatter_1_2_small.png
Img04Prelim_Iter005_Hyp3Hyp4Scatter_1_2.png
Img04Prelim_Iter005_Hyp3Hyp4Scatter_1_2_small.png
Img04Prelim_Iter005_Hyp4Hyp5Scatter_1_2_small.png
Img04Prelim_Iter005_Hyp5Hyp6Scatter_1_2_small.png
Img04Prelim_Iter005_LogProbTimeTrace.png
Img04Prelim_Iter005_LogProbTimeTrace_small.png
Img04Prelim_Iter006_ExpMSCntsBkgPrefactorScatter_1_2.png
Img04Prelim_Iter006_ExpMSCntsBkgPrefactorScatter_1_2_small.png
Img04Prelim_Iter006_Hyp0Hyp1Scatter_1_2.png
Img04Prelim_Iter006_Hyp0Hyp1Scatter_1_2_small.png
Img04Prelim_Iter006_Hyp2Hyp3Scatter_1_2.png
Img04Prelim_Iter006_Hyp2Hyp3Scatter_1_2_small.png
Img04Prelim_Iter006_Hyp3Hyp4Scatter_1_2.png
Img04Prelim_Iter006_Hyp3Hyp4Scatter_1_2_small.png
Img04Prelim_Iter006_Hyp4Hyp5Scatter_1_2_small.png
Img04Prelim_Iter006_Hyp5Hyp6Scatter_1_2_small.png
Img04Prelim_Iter006_LogProbTimeTrace.png
Img04Prelim_Iter006_LogProbTimeTrace_small.png
Img04Prelim_Iter007_ExpMSCntsBkgPrefactorScatter_1_2.png
Img04Prelim_Iter007_ExpMSCntsBkgPrefactorScatter_1_2_small.png
Img04Prelim_Iter007_Hyp0Hyp1Scatter_1_2.png
Img04Prelim_Iter007_Hyp0Hyp1Scatter_1_2_small.png
Img04Prelim_Iter007_Hyp2Hyp3Scatter_1_2.png
Img04Prelim_Iter007_Hyp2Hyp3Scatter_1_2_small.png
Img04Prelim_Iter007_Hyp3Hyp4Scatter_1_2.png
Img04Prelim_Iter007_Hyp3Hyp4Scatter_1_2_small.png
Img04Prelim_Iter007_Hyp4Hyp5Scatter_1_2_small.png
Img04Prelim_Iter007_Hyp5Hyp6Scatter_1_2_small.png
Img04Prelim_Iter007_LogProbTimeTrace.png
Img04Prelim_Iter007_LogProbTimeTrace_small.png
Img04Prelim_Iter008_ExpMSCntsBkgPrefactorScatter_1_2.png
Img04Prelim_Iter008_ExpMSCntsBkgPrefactorScatter_1_2_small.png
Img04Prelim_Iter008_Hyp0Hyp1Scatter_1_2.png
Img04Prelim_Iter008_Hyp0Hyp1Scatter_1_2_small.png
Img04Prelim_Iter008_Hyp2Hyp3Scatter_1_2.png
Img04Prelim_Iter008_Hyp2Hyp3Scatter_1_2_small.png
Img04Prelim_Iter008_Hyp3Hyp4Scatter_1_2.png
Img04Prelim_Iter008_Hyp3Hyp4Scatter_1_2_small.png
Img04Prelim_Iter008_Hyp4Hyp5Scatter_1_2_small.png
Img04Prelim_Iter008_Hyp5Hyp6Scatter_1_2_small.png
Img04Prelim_Iter008_LogProbTimeTrace.png
Img04Prelim_Iter008_LogProbTimeTrace_small.png
Img04Prelim_Iter009_ExpMSCntsBkgPrefactorScatter_1_2.png
Img04Prelim_Iter009_ExpMSCntsBkgPrefactorScatter_1_2_small.png
Img04Prelim_Iter009_Hyp0Hyp1Scatter_1_2.png
Img04Prelim_Iter009_Hyp0Hyp1Scatter_1_2_small.png
Img04Prelim_Iter009_Hyp2Hyp3Scatter_1_2.png
Img04Prelim_Iter009_Hyp2Hyp3Scatter_1_2_small.png
Img04Prelim_Iter009_Hyp3Hyp4Scatter_1_2.png
Img04Prelim_Iter009_Hyp3Hyp4Scatter_1_2_small.png
Img04Prelim_Iter009_Hyp4Hyp5Scatter_1_2_small.png
Img04Prelim_Iter009_Hyp5Hyp6Scatter_1_2_small.png
Img04Prelim_Iter009_LogProbTimeTrace.png
Img04Prelim_Iter009_LogProbTimeTrace_small.png
Img04Prelim_Iter010_ExpMSCntsBkgPrefactorScatter_1_2.png
Img04Prelim_Iter010_ExpMSCntsBkgPrefactorScatter_1_2_small.png
Img04Prelim_Iter010_Hyp0Hyp1Scatter_1_2.png
Img04Prelim_Iter010_Hyp0Hyp1Scatter_1_2_small.png
Img04Prelim_Iter010_Hyp2Hyp3Scatter_1_2.png
Img04Prelim_Iter010_Hyp2Hyp3Scatter_1_2_small.png
Img04Prelim_Iter010_Hyp3Hyp4Scatter_1_2.png
Img04Prelim_Iter010_Hyp3Hyp4Scatter_1_2_small.png
Img04Prelim_Iter010_Hyp4Hyp5Scatter_1_2_small.png
Img04Prelim_Iter010_Hyp5Hyp6Scatter_1_2_small.png
Img04Prelim_Iter010_LogProbTimeTrace.png
Img04Prelim_Iter010_LogProbTimeTrace_small.png
Img04Prelim_Iter020_ExpMSCntsBkgPrefactorScatter_1_2.png
Img04Prelim_Iter020_ExpMSCntsBkgPrefactorScatter_1_2_small.png
Img04Prelim_Iter020_Hyp0Hyp1Scatter_1_2.png
Img04Prelim_Iter020_Hyp0Hyp1Scatter_1_2_small.png
Img04Prelim_Iter020_Hyp2Hyp3Scatter_1_2.png
Img04Prelim_Iter020_Hyp2Hyp3Scatter_1_2_small.png
Img04Prelim_Iter020_Hyp3Hyp4Scatter_1_2.png
Img04Prelim_Iter020_Hyp3Hyp4Scatter_1_2_small.png
Img04Prelim_Iter020_Hyp4Hyp5Scatter_1_2_small.png
Img04Prelim_Iter020_Hyp5Hyp6Scatter_1_2_small.png
Img04Prelim_Iter020_LogProbTimeTrace.png
Img04Prelim_Iter020_LogProbTimeTrace_small.png
Img04Prelim_Iter025_ExpMSCntsBkgPrefactorScatter_1_2.png
Img04Prelim_Iter025_ExpMSCntsBkgPrefactorScatter_1_2_small.png
Img04Prelim_Iter025_Hyp0Hyp1Scatter_1_2.png
Img04Prelim_Iter025_Hyp0Hyp1Scatter_1_2_small.png
Img04Prelim_Iter025_Hyp2Hyp3Scatter_1_2.png
Img04Prelim_Iter025_Hyp2Hyp3Scatter_1_2_small.png
Img04Prelim_Iter025_Hyp3Hyp4Scatter_1_2.png
Img04Prelim_Iter025_Hyp3Hyp4Scatter_1_2_small.png
Img04Prelim_Iter025_Hyp4Hyp5Scatter_1_2_small.png
Img04Prelim_Iter025_Hyp5Hyp6Scatter_1_2_small.png
Img04Prelim_Iter025_LogProbTimeTrace.png
Img04Prelim_Iter025_LogProbTimeTrace_small.png
Img04Prelim_Iter030_ExpMSCntsBkgPrefactorScatter_1_2.png
Img04Prelim_Iter030_ExpMSCntsBkgPrefactorScatter_1_2_small.png
Img04Prelim_Iter030_Hyp0Hyp1Scatter_1_2.png
Img04Prelim_Iter030_Hyp0Hyp1Scatter_1_2_small.png
Img04Prelim_Iter030_Hyp2Hyp3Scatter_1_2.png
Img04Prelim_Iter030_Hyp2Hyp3Scatter_1_2_small.png
Img04Prelim_Iter030_Hyp3Hyp4Scatter_1_2.png
Img04Prelim_Iter030_Hyp3Hyp4Scatter_1_2_small.png
Img04Prelim_Iter030_Hyp4Hyp5Scatter_1_2_small.png
Img04Prelim_Iter030_Hyp5Hyp6Scatter_1_2_small.png
Img04Prelim_Iter030_LogProbTimeTrace.png
Img04Prelim_Iter030_LogProbTimeTrace_small.png
Img04Prelim_Iter040_ExpMSCntsBkgPrefactorScatter_1_2.png
Img04Prelim_Iter040_ExpMSCntsBkgPrefactorScatter_1_2_small.png
Img04Prelim_Iter040_Hyp0Hyp1Scatter_1_2.png
Img04Prelim_Iter040_Hyp0Hyp1Scatter_1_2_small.png
Img04Prelim_Iter040_Hyp2Hyp3Scatter_1_2.png
Img04Prelim_Iter040_Hyp2Hyp3Scatter_1_2_small.png
Img04Prelim_Iter040_Hyp3Hyp4Scatter_1_2.png
Img04Prelim_Iter040_Hyp3Hyp4Scatter_1_2_small.png
Img04Prelim_Iter040_Hyp4Hyp5Scatter_1_2_small.png
Img04Prelim_Iter040_Hyp5Hyp6Scatter_1_2_small.png
Img04Prelim_Iter040_LogProbTimeTrace.png
Img04Prelim_Iter040_LogProbTimeTrace_small.png
Img04Prelim_Iter050_ExpMSCntsBkgPrefactorScatter_1_2.png
Img04Prelim_Iter050_ExpMSCntsBkgPrefactorScatter_1_2_small.png
Img04Prelim_Iter050_Hyp0Hyp1Scatter_1_2.png
Img04Prelim_Iter050_Hyp0Hyp1Scatter_1_2_small.png
Img04Prelim_Iter050_Hyp2Hyp3Scatter_1_2.png
Img04Prelim_Iter050_Hyp2Hyp3Scatter_1_2_small.png
Img04Prelim_Iter050_Hyp3Hyp4Scatter_1_2.png
Img04Prelim_Iter050_Hyp3Hyp4Scatter_1_2_small.png
Img04Prelim_Iter050_Hyp4Hyp5Scatter_1_2_small.png
Img04Prelim_Iter050_Hyp5Hyp6Scatter_1_2_small.png
Img04Prelim_Iter050_LogProbTimeTrace.png
Img04Prelim_Iter050_LogProbTimeTrace_small.png
Img04Prelim_Iter060_ExpMSCntsBkgPrefactorScatter_1_2.png
Img04Prelim_Iter060_ExpMSCntsBkgPrefactorScatter_1_2_small.png
Img04Prelim_Iter060_Hyp0Hyp1Scatter_1_2.png
Img04Prelim_Iter060_Hyp0Hyp1Scatter_1_2_small.png
Img04Prelim_Iter060_Hyp2Hyp3Scatter_1_2.png
Img04Prelim_Iter060_Hyp2Hyp3Scatter_1_2_small.png
Img04Prelim_Iter060_Hyp3Hyp4Scatter_1_2.png
Img04Prelim_Iter060_Hyp3Hyp4Scatter_1_2_small.png
Img04Prelim_Iter060_Hyp5yp6Scatter_1_2_small.png
Img04Prelim_Iter060_LogProbTimeTrace.png
Img04Prelim_Iter060_LogProbTimeTrace_small.png
Img04Prelim_Iter070_ExpMSCntsBkgPrefactorScatter_1_2.png
Img04Prelim_Iter070_ExpMSCntsBkgPrefactorScatter_1_2_small.png
Img04Prelim_Iter070_Hyp0Hyp1Scatter_1_2.png
Img04Prelim_Iter070_Hyp0Hyp1Scatter_1_2_small.png
Img04Prelim_Iter070_Hyp2Hyp3Scatter_1_2.png
Img04Prelim_Iter070_Hyp2Hyp3Scatter_1_2_small.png
Img04Prelim_Iter070_Hyp3Hyp4Scatter_1_2.png
Img04Prelim_Iter070_Hyp3Hyp4Scatter_1_2_small.png
Img04Prelim_Iter070_Hyp4Hyp5Scatter_1_2_small.png
Img04Prelim_Iter070_Hyp5Hyp6Scatter_1_2_small.png
Img04Prelim_Iter070_LogProbTimeTrace.png
Img04Prelim_Iter070_LogProbTimeTrace_small.png
Img04Prelim_Iter080_ExpMSCntsBkgPrefactorScatter_1_2.png
Img04Prelim_Iter080_ExpMSCntsBkgPrefactorScatter_1_2_small.png
Img04Prelim_Iter080_Hyp0Hyp1Scatter_1_2.png
Img04Prelim_Iter080_Hyp0Hyp1Scatter_1_2_small.png
Img04Prelim_Iter080_Hyp2Hyp3Scatter_1_2.png
Img04Prelim_Iter080_Hyp2Hyp3Scatter_1_2_small.png
Img04Prelim_Iter080_Hyp3Hyp4Scatter_1_2.png
Img04Prelim_Iter080_Hyp3Hyp4Scatter_1_2_small.png
Img04Prelim_Iter080_Hyp4Hyp5Scatter_1_2_small.png
Img04Prelim_Iter080_Hyp5Hyp6Scatter_1_2_small.png
Img04Prelim_Iter080_LogProbTimeTrace.png
Img04Prelim_Iter080_LogProbTimeTrace_small.png
Img04Prelim_Iter090_ExpMSCntsBkgPrefactorScatter_1_2.png
Img04Prelim_Iter090_ExpMSCntsBkgPrefactorScatter_1_2_small.png
Img04Prelim_Iter090_Hyp0Hyp1Scatter_1_2.png
Img04Prelim_Iter090_Hyp0Hyp1Scatter_1_2_small.png
Img04Prelim_Iter090_Hyp2Hyp3Scatter_1_2.png
Img04Prelim_Iter090_Hyp2Hyp3Scatter_1_2_small.png
Img04Prelim_Iter090_Hyp3Hyp4Scatter_1_2.png
Img04Prelim_Iter090_Hyp3Hyp4Scatter_1_2_small.png
Img04Prelim_Iter090_Hyp4Hyp5Scatter_1_2_small.png
Img04Prelim_Iter090_Hyp5Hyp6Scatter_1_2_small.png
Img04Prelim_Iter090_LogProbTimeTrace.png
Img04Prelim_Iter090_LogProbTimeTrace_small.png
Img04Prelim_Iter100_ExpMSCntsBkgPrefactorScatter_1_2.png
Img04Prelim_Iter100_ExpMSCntsBkgPrefactorScatter_1_2_small.png
Img04Prelim_Iter100_Hyp0Hyp1Scatter_1_2.png
Img04Prelim_Iter100_Hyp0Hyp1Scatter_1_2_small.png
Img04Prelim_Iter100_Hyp2Hyp3Scatter_1_2.png
Img04Prelim_Iter100_Hyp2Hyp3Scatter_1_2_small.png
Img04Prelim_Iter100_Hyp3Hyp4Scatter_1_2.png
Img04Prelim_Iter100_Hyp3Hyp4Scatter_1_2_small.png
Img04Prelim_Iter100_Hyp4Hyp5Scatter_1_2_small.png
Img04Prelim_Iter100_Hyp5Hyp6Scatter_1_2_small.png
Img04Prelim_Iter100_LogProbTimeTrace.png
Img04Prelim_Iter100_LogProbTimeTrace_small.png
Img04Prelim_Iter125_ExpMSCntsBkgPrefactorScatter_1_2.png
Img04Prelim_Iter125_ExpMSCntsBkgPrefactorScatter_1_2_small.png
Img04Prelim_Iter125_Hyp0Hyp1Scatter_1_2.png
Img04Prelim_Iter125_Hyp0Hyp1Scatter_1_2_small.png
Img04Prelim_Iter125_Hyp2Hyp3Scatter_1_2.png
Img04Prelim_Iter125_Hyp2Hyp3Scatter_1_2_small.png
Img04Prelim_Iter125_Hyp3Hyp4Scatter_1_2.png
Img04Prelim_Iter125_Hyp3Hyp4Scatter_1_2_small.png
Img04Prelim_Iter125_Hyp4Hyp5Scatter_1_2_small.png
Img04Prelim_Iter125_Hyp5Hyp6Scatter_1_2_small.png
Img04Prelim_Iter125_LogProbTimeTrace.png
Img04Prelim_Iter125_LogProbTimeTrace_small.png
Img04_Iter001_small.png
Img04_Iter005_small.png
Img04_Iter010_small.png
Img04_Iter025_small.png
Img04_Iter100_small.png
Img04_Iter125_small.png
Simple02McMCIter001_2Strts_InvB0to10.jpg
Simple02McMCIter002_2Strts_InvB0to10.jpg
Simple02McMCIter003_2Strts_InvB0to10.jpg
Simple02McMCIter004_2Strts_InvB0to10.jpg
Simple02McMCIter005_2Strts_InvB0to10.jpg
Simple02McMCIter006_2Strts_InvB0to10.jpg
Simple02McMCIter007_2Strts_InvB0to10.jpg
Simple02McMCIter008_2Strts_InvB0to10.jpg
Simple02McMCIter009_2Strts_InvB0to10.jpg
Simple02McMCIter010_2Strts_InvB0to10.jpg
Simple02McMCIter020_2Strts_InvB0to10.jpg
Simple02McMCIter025_2Strts_InvB0to10.jpg
Simple02McMCIter030_2Strts_InvB0to10.jpg
Simple02McMCIter040_2Strts_InvB0to10.jpg
Simple02McMCIter050_2Strts_InvB0to10.jpg
Simple02McMCIter060_2Strts_InvB0to10.jpg
Simple02McMCIter070_2Strts_InvB0to10.jpg
Simple02McMCIter080_2Strts_InvB0to10.jpg
Simple02McMCIter090_2Strts_InvB0to10.jpg
Simple02McMCIter100_2Strts_InvB0to10.jpg
Simple02McMCIter125_2Strts_InvB0to10.jpg
Simple02_Prelim_Rplot_uni_Param_IterativeScatterplots.sh
Simple02_Prelim_Rplot_uni_Param_IterativeScatterplots.sh~
Simple04_Prelim_Rplot_uni_Param_IterativeScatterplots.sh
Simple04_Prelim_Rplot_uni_Param_IterativeScatterplots.sh~
sample_run_Prelim_Rplot_uni_Param_IterativeScatterplots.log
